Resolving dependencies...
Downloading packages...
  _fe_analyzer_shared 67.0.0 (94.0.0 available)
  analyzer 6.4.1 (10.0.2 available)
  build 2.4.1 (4.0.4 available)
  build_config 1.1.2 (1.2.0 available)
  build_resolvers 2.4.2 (3.0.4 available)
  build_runner 2.4.13 (2.11.0 available)
  build_runner_core 7.3.2 (9.3.2 available)
  carousel_slider 5.1.1 (5.1.2 available)
  characters 1.4.0 (1.4.1 available)
  confetti 0.7.0 (0.8.0 available)
  dart_style 2.3.6 (3.1.5 available)
  fl_chart 0.66.2 (1.1.1 available)
  flutter_lints 3.0.2 (6.0.0 available)
  flutter_slidable 3.1.2 (4.0.3 available)
  google_fonts 6.3.3 (8.0.1 available)
  intl 0.19.0 (0.20.2 available)
  json_annotation 4.9.0 (4.10.0 available)
  lints 3.0.0 (6.1.0 available)
  matcher 0.12.17 (0.12.18 available)
  material_color_utilities 0.11.1 (0.13.0 available)
  meta 1.17.0 (1.18.1 available)
  path_provider_foundation 2.5.1 (2.6.0 available)
  permission_handler 11.4.0 (12.0.1 available)
  permission_handler_android 12.1.0 (13.0.1 available)
  shelf_web_socket 2.0.1 (3.0.0 available)
  smooth_page_indicator 1.2.1 (2.0.1 available)
  source_gen 1.5.0 (4.2.0 available)
  source_helper 1.3.5 (1.3.10 available)
  source_span 1.10.1 (1.10.2 available)
  speech_to_text 6.6.2 (7.3.0 available)
  test_api 0.7.7 (0.7.9 available)
  tflite_flutter 0.10.4 (0.12.1 available)
  vector_graphics_compiler 1.1.19 (1.1.20 available)
Got dependencies!
33 packages have newer versions incompatible with dependency constraints.
Try `flutter pub outdated` for more information.
Launching lib\main.dart on Chrome in debug mode...
Waiting for connection from debug service on Chrome...          
flutter : lib/presentation/screens/dis
cover_screen.dart:11:8: Error: Error 
when reading 'lib/presentation/data/mo
dels/category_model.dart': The system 
cannot find the path specified.
At line:1 char:1
+ flutter run -d chrome > 
build_errors.txt 2>&1
+ ~~~~~~~~~~~~~~~~~~~~~~~~~~~~~~~~~~~~
~~~~~~~~~
    + CategoryInfo          : NotSpec 
   ified: (lib/presentatio...path sp  
  ecified.:String) [], RemoteExcept   
 ion
    + FullyQualifiedErrorId : NativeC 
   ommandError
 

import 
'../data/models/category_model.dart';
       ^
lib/presentation/screens/discover_scre
en.dart:716:32: Error: The getter 
'icon' isn't defined for the type 
'GroceryCategory'.
 - 'GroceryCategory' is from 'package:
smartcart_ai/data/models/category_mode
l.dart' ('lib/data/models/category_mod
el.dart').
Try correcting the name to the name 
of an existing getter, or defining a 
getter or field named 'icon'.
                    Icon(e.key.icon, 
size: 16, color: e.key.color),
                               ^^^^
lib/presentation/screens/discover_scre
en.dart:716:61: Error: The getter 
'color' isn't defined for the type 
'GroceryCategory'.
 - 'GroceryCategory' is from 'package:
smartcart_ai/data/models/category_mode
l.dart' ('lib/data/models/category_mod
el.dart').
Try correcting the name to the name 
of an existing getter, or defining a 
getter or field named 'color'.
                    Icon(e.key.icon, 
size: 16, color: e.key.color),
                                      
                      ^^^^^
lib/presentation/screens/discover_scre
en.dart:718:48: Error: The getter 
'displayName' isn't defined for the 
type 'GroceryCategory'.
 - 'GroceryCategory' is from 'package:
smartcart_ai/data/models/category_mode
l.dart' ('lib/data/models/category_mod
el.dart').
Try correcting the name to the name 
of an existing getter, or defining a 
getter or field named 'displayName'.
                    Expanded(child: 
Text(e.key.displayName, style: 
AppTextStyles.bodySmall)),
                                      
         ^^^^^^^^^^^
Waiting for connection from debug service on Chrome...             38.1s
Failed to compile application.
